// Jest Snapshot v1, https://goo.gl/fbAQLP

exports[`<ValidationErrorsNotification /> snapshot 1`] = `
<div>
  
</div>
`;
